
 Here is a list of Jamm distribution sites in..

  22.12 1994:

şÄÄÄÄÄÄÄÄÄÄÄÄÄÄÄÄÄÄÄÄÄÄÄÄÄÄÄÄÄÄÄÄÄÄÄÄÄÄÄÄÄÄÄÄÄÄÄÄÄÄÄÄÄÄÄÄÄÄÄÄÄÄÄÄÄÄÄÄÄÄÄÄÄÄÄÄş
 Triplex                +388-0-506 2277         WHQ             FINLAND
 Invalid Environment    +358-41-666 715         support site    FINLAND
 Chaotic Vision         +358-42-714 528         support site    FINLAND
 Morning Star           +358-51-kUMiANkKa       support site    FINLAND
 Bubi Box               +358-14-720 223         support site    FINLAND
 Sidewalk Caf‚          +47-35-512 227          Norway  HQ      NORWAY
 Magican                +49-421-484 1163        Germany HQ      GERMANY
 The Hideout            +49-611-547 324         support site    GERMANY
 A.C.E.                 +33-1-4588 7548         France  HQ      FRANCE
                        +33-1-4588 8809
 Lost Innocence         +416-267 5467           Canada  HQ      CANADA
 Side Effects           +39-75-572 5175         Italy   HQ      ITALY
 Megaverse              +30-61-277089           Greek   HQ      GREEK
şÄÄÄÄÄÄÄÄÄÄÄÄÄÄÄÄÄÄÄÄÄÄÄÄÄÄÄÄÄÄÄÄÄÄÄÄÄÄÄÄÄÄÄÄÄÄÄÄÄÄÄÄÄÄÄÄÄÄÄÄÄÄÄÄÄÄÄÄÄÄÄÄÄÄÄÄş

All of them are available for 14.4 kbps MINIMUM.

..so when you're interested, try these boards.
