
 Start  Stop   Length Name               Class

 00000H 0E2CAH 0E2CBH _TEXT              CODE
 0E2D0H 0ED83H 00AB4H HSC_PLAYER         
 0ED90H 0ED90H 00000H _DATA              DATA
 0ED90H 117C3H 02A34H MUSIC_SEGMENT      DATA
 117D0H 11BCFH 00400H STACK              STACK


Detailed map of segments

 0000:0000 0010 C=CODE   S=_TEXT          G=(none)  M=FAUGH.ASM  ACBP=48
 0000:0010 E2BB C=CODE   S=_TEXT          G=(none)  M=FAUGH.ASM  ACBP=48
 0E2D:0000 0AB4 C=       S=HSC_PLAYER     G=(none)  M=HSCOBJ.ASM ACBP=68
 0ED9:0000 0000 C=DATA   S=_DATA          G=DGROUP  M=FAUGH.ASM  ACBP=48
 0ED9:0000 2A34 C=DATA   S=MUSIC_SEGMENT  G=DGROUP  M=::         ACBP=68
 0ED9:2A40 0400 C=STACK  S=STACK          G=DGROUP  M=FAUGH.ASM  ACBP=74

  Address         Publics by Name

 0E2D:0000       HSCPLAYER
 0E2D:0A48 idle  HSC_EQUALIZER
 0E2D:0A3F idle  HSC_INSTR
 0E2D:0A2D idle  HSC_NOTE
 0E2D:0A5A idle  HSC_PATTERN
 0E2D:0A51       HSC_PLAYING
 0E2D:0A5C       HSC_POSITION
 0E2D:0A5B       HSC_TRACK
 0ED9:0000       MUSIC

  Address         Publics by Value

 0E2D:0000       HSCPLAYER
 0E2D:0A2D idle  HSC_NOTE
 0E2D:0A3F idle  HSC_INSTR
 0E2D:0A48 idle  HSC_EQUALIZER
 0E2D:0A51       HSC_PLAYING
 0E2D:0A5A idle  HSC_PATTERN
 0E2D:0A5B       HSC_TRACK
 0E2D:0A5C       HSC_POSITION
 0ED9:0000       MUSIC

Program entry point at 0000:0010

